12-19 11:14:31.129  1750  1750 E ActivityThread: 	at java.lang.reflect.Method.invoke(Native Method)
12-19 11:14:31.129  1750  1750 E ActivityThread: 	at com.android.internal.os.ZygoteInit$MethodAndArgsCaller.run(ZygoteInit.java:866)
12-19 11:14:31.129  1750  1750 E ActivityThread: 	at com.android.internal.os.ZygoteInit.main(ZygoteInit.java:756)
12-19 11:14:31.238  1750  1750 E ActivityThread: Performing pause of activity that is not resumed: {com.android.systemui/com.android.systemui.recents.RecentsActivity}
12-19 11:14:31.238  1750  1750 E ActivityThread: java.lang.RuntimeException: Performing pause of activity that is not resumed: {com.android.systemui/com.android.systemui.recents.RecentsActivity}
12-19 11:14:31.238  1750  1750 E ActivityThread: 	at android.app.ActivityThread.performPauseActivity(ActivityThread.java:3674)
12-19 11:14:31.238  1750  1750 E ActivityThread: 	at android.app.ActivityThread.performPauseActivity(ActivityThread.java:3662)
12-19 11:14:31.238  1750  1750 E ActivityThread: 	at android.app.ActivityThread.handlePauseActivity(ActivityThread.java:3636)
12-19 11:14:31.238  1750  1750 E ActivityThread: 	at android.app.ActivityThread.-wrap16(ActivityThread.java)
12-19 11:14:31.238  1750  1750 E ActivityThread: 	at android.app.ActivityThread$H.handleMessage(ActivityThread.java:1472)
12-19 11:14:31.238  1750  1750 E ActivityThread: 	at android.os.Handler.dispatchMessage(Handler.java:102)
12-19 11:14:31.238  1750  1750 E ActivityThread: 	at android.os.Looper.loop(Looper.java:154)
12-19 11:14:31.238  1750  1750 E ActivityThread: 	at android.app.ActivityThread.main(ActivityThread.java:6077)
12-19 11:14:31.238  1750  1750 E ActivityThread: 	at java.lang.reflect.Method.invoke(Native Method)
12-19 11:14:31.238  1750  1750 E ActivityThread: 	at com.android.internal.os.ZygoteInit$MethodAndArgsCaller.run(ZygoteInit.java:866)
12-19 11:14:31.238  1750  1750 E ActivityThread: 	at com.android.internal.os.ZygoteInit.main(ZygoteInit.java:756)
12-19 11:14:31.457  1750  1750 E ActivityThread: Performing stop of activity that is already stopped: {com.android.systemui/com.android.systemui.recents.RecentsActivity}
12-19 11:14:31.457  1750  1750 E ActivityThread: java.lang.RuntimeException: Performing stop of activity that is already stopped: {com.android.systemui/com.android.systemui.recents.RecentsActivity}
12-19 11:14:31.457  1750  1750 E ActivityThread: 	at android.app.ActivityThread.performStopActivityInner(ActivityThread.java:3798)
12-19 11:14:31.457  1750  1750 E ActivityThread: 	at android.app.ActivityThread.handleStopActivity(ActivityThread.java:3886)
12-19 11:14:31.457  1750  1750 E ActivityThread: 	at android.app.ActivityThread.-wrap25(ActivityThread.java)
12-19 11:14:31.457  1750  1750 E ActivityThread: 	at android.app.ActivityThread$H.handleMessage(ActivityThread.java:1494)
12-19 11:14:31.457  1750  1750 E ActivityThread: 	at android.os.Handler.dispatchMessage(Handler.java:102)
12-19 11:14:31.457  1750  1750 E ActivityThread: 	at android.os.Looper.loop(Looper.java:154)
12-19 11:14:31.457  1750  1750 E ActivityThread: 	at android.app.ActivityThread.main(ActivityThread.java:6077)
12-19 11:14:31.457  1750  1750 E ActivityThread: 	at java.lang.reflect.Method.invoke(Native Method)
12-19 11:14:31.457  1750  1750 E ActivityThread: 	at com.android.internal.os.ZygoteInit$MethodAndArgsCaller.run(ZygoteInit.java:866)
12-19 11:14:31.457  1750  1750 E ActivityThread: 	at com.android.internal.os.ZygoteInit.main(ZygoteInit.java:756)
12-19 11:14:31.457  1750  1750 E ActivityThread: ActivityClientRecord{paused=true, stopped=true, hideForNow=false, startsNotResumed=false, isForward=true, pendingConfigChanges=0, onlyLocalRequest=false, preserveWindow=false, Activity{resumed=false, stopped=true, finished=false, destroyed=false, startedActivity=false, temporaryPause=false, changingConfigurations=false, visibleBehind=false}}
0_2_VideoplayerActivityTest#testStartActivity
--------- beginning of main
--------- beginning of system
12-19 11:14:56.481  1667  2079 E ActivityManager: Sending non-protected broadcast com.example.pkg.END_EMMA from system uid 0 pkg null
12-19 11:14:56.481  1667  2079 E ActivityManager: java.lang.Throwable
12-19 11:14:56.481  1667  2079 E ActivityManager: 	at com.android.server.am.ActivityManagerService.broadcastIntentLocked(ActivityManagerService.java:17785)
12-19 11:14:56.481  1667  2079 E ActivityManager: 	at com.android.server.am.ActivityManagerService.broadcastIntent(ActivityManagerService.java:18346)
12-19 11:14:56.481  1667  2079 E ActivityManager: 	at android.app.ActivityManagerNative.onTransact(ActivityManagerNative.java:499)
12-19 11:14:56.481  1667  2079 E ActivityManager: 	at com.android.server.am.ActivityManagerService.onTransact(ActivityManagerService.java:2757)
12-19 11:14:56.481  1667  2079 E ActivityManager: 	at android.os.Binder.execTransact(Binder.java:565)
0_1_PreferencesTest#testSwitchThemeBack
--------- beginning of system
--------- beginning of main
12-19 11:18:58.765  1667  1679 E ActivityManager: applyOptionsLocked: Unknown animationType=0
12-19 11:19:06.476  1667  2079 E ActivityManager: Sending non-protected broadcast com.example.pkg.END_EMMA from system uid 0 pkg null
12-19 11:19:06.476  1667  2079 E ActivityManager: java.lang.Throwable
12-19 11:19:06.476  1667  2079 E ActivityManager: 	at com.android.server.am.ActivityManagerService.broadcastIntentLocked(ActivityManagerService.java:17785)
12-19 11:19:06.476  1667  2079 E ActivityManager: 	at com.android.server.am.ActivityManagerService.broadcastIntent(ActivityManagerService.java:18346)
12-19 11:19:06.476  1667  2079 E ActivityManager: 	at android.app.ActivityManagerNative.onTransact(ActivityManagerNative.java:499)
12-19 11:19:06.476  1667  2079 E ActivityManager: 	at com.android.server.am.ActivityManagerService.onTransact(ActivityManagerService.java:2757)
12-19 11:19:06.476  1667  2079 E ActivityManager: 	at android.os.Binder.execTransact(Binder.java:565)
12-19 11:19:10.106  1750  1750 E ActivityThread: Performing pause of activity that is not resumed: {com.android.systemui/com.android.systemui.recents.RecentsActivity}
12-19 11:19:10.106  1750  1750 E ActivityThread: java.lang.RuntimeException: Performing pause of activity that is not resumed: {com.android.systemui/com.android.systemui.recents.RecentsActivity}
12-19 11:19:10.106  1750  1750 E ActivityThread: 	at android.app.ActivityThread.performPauseActivity(ActivityThread.java:3674)
12-19 11:19:10.106  1750  1750 E ActivityThread: 	at android.app.ActivityThread.performPauseActivity(ActivityThread.java:3662)
12-19 11:19:10.106  1750  1750 E ActivityThread: 	at android.app.ActivityThread.handlePauseActivity(ActivityThread.java:3636)
12-19 11:19:10.106  1750  1750 E ActivityThread: 	at android.app.ActivityThread.-wrap16(ActivityThread.java)
12-19 11:19:10.106  1750  1750 E ActivityThread: 	at android.app.ActivityThread$H.handleMessage(ActivityThread.java:1472)
12-19 11:19:10.106  1750  1750 E ActivityThread: 	at android.os.Handler.dispatchMessage(Handler.java:102)
12-19 11:19:10.106  1750  1750 E ActivityThread: 	at android.os.Looper.loop(Looper.java:154)
12-19 11:19:10.106  1750  1750 E ActivityThread: 	at android.app.ActivityThread.main(ActivityThread.java:6077)
12-19 11:19:10.106  1750  1750 E ActivityThread: 	at java.lang.reflect.Method.invoke(Native Method)
12-19 11:19:10.106  1750  1750 E ActivityThread: 	at com.android.internal.os.ZygoteInit$MethodAndArgsCaller.run(ZygoteInit.java:866)
12-19 11:19:10.106  1750  1750 E ActivityThread: 	at com.android.internal.os.ZygoteInit.main(ZygoteInit.java:756)
0_1_PreferencesTest#testSwitchTheme
--------- beginning of main
--------- beginning of system
12-19 11:27:40.548  1667  2079 E ActivityManager: Sending non-protected broadcast com.example.pkg.END_EMMA from system uid 0 pkg null
12-19 11:27:40.548  1667  2079 E ActivityManager: java.lang.Throwable
12-19 11:27:40.548  1667  2079 E ActivityManager: 	at com.android.server.am.ActivityManagerService.broadcastIntentLocked(ActivityManagerService.java:17785)
12-19 11:27:40.548  1667  2079 E ActivityManager: 	at com.android.server.am.ActivityManagerService.broadcastIntent(ActivityManagerService.java:18346)
12-19 11:27:40.548  1667  2079 E ActivityManager: 	at android.app.ActivityManagerNative.onTransact(ActivityManagerNative.java:499)
12-19 11:27:40.548  1667  2079 E ActivityManager: 	at com.android.server.am.ActivityManagerService.onTransact(ActivityManagerService.java:2757)
12-19 11:27:40.548  1667  2079 E ActivityManager: 	at android.os.Binder.execTransact(Binder.java:565)
12-19 11:27:44.829  1750  1750 E ActivityThread: Performing pause of activity that is not resumed: {com.android.systemui/com.android.systemui.recents.RecentsActivity}
12-19 11:27:44.829  1750  1750 E ActivityThread: java.lang.RuntimeException: Performing pause of activity that is not resumed: {com.android.systemui/com.android.systemui.recents.RecentsActivity}
12-19 11:27:44.829  1750  1750 E ActivityThread: 	at android.app.ActivityThread.performPauseActivity(ActivityThread.java:3674)
12-19 11:27:44.829  1750  1750 E ActivityThread: 	at android.app.ActivityThread.performPauseActivity(ActivityThread.java:3662)
12-19 11:27:44.829  1750  1750 E ActivityThread: 	at android.app.ActivityThread.handlePauseActivity(ActivityThread.java:3636)
12-19 11:27:44.829  1750  1750 E ActivityThread: 	at android.app.ActivityThread.-wrap16(ActivityThread.java)
12-19 11:27:44.829  1750  1750 E ActivityThread: 	at android.app.ActivityThread$H.handleMessage(ActivityThread.java:1472)
12-19 11:27:44.829  1750  1750 E ActivityThread: 	at android.os.Handler.dispatchMessage(Handler.java:102)
12-19 11:27:44.829  1750  1750 E ActivityThread: 	at android.os.Looper.loop(Looper.java:154)
12-19 11:27:44.829  1750  1750 E ActivityThread: 	at android.app.ActivityThread.main(ActivityThread.java:6077)
12-19 11:27:44.829  1750  1750 E ActivityThread: 	at java.lang.reflect.Method.invoke(Native Method)
12-19 11:27:44.829  1750  1750 E ActivityThread: 	at com.android.internal.os.ZygoteInit$MethodAndArgsCaller.run(ZygoteInit.java:866)
12-19 11:27:44.829  1750  1750 E ActivityThread: 	at com.android.internal.os.ZygoteInit.main(ZygoteInit.java:756)
12-19 11:27:44.979  1750  1750 E ActivityThread: Performing pause of activity that is not resumed: {com.android.systemui/com.android.systemui.recents.RecentsActivity}
12-19 11:27:44.979  1750  1750 E ActivityThread: java.lang.RuntimeException: Performing pause of activity that is not resumed: {com.android.systemui/com.android.systemui.recents.RecentsActivity}
12-19 11:27:44.979  1750  1750 E ActivityThread: 	at android.app.ActivityThread.performPauseActivity(ActivityThread.java:3674)
12-19 11:27:44.979  1750  1750 E ActivityThread: 	at android.app.ActivityThread.performPauseActivity(ActivityThread.java:3662)
12-19 11:27:44.979  1750  1750 E ActivityThread: 	at android.app.ActivityThread.handlePauseActivity(ActivityThread.java:3636)
12-19 11:27:44.979  1750  1750 E ActivityThread: 	at android.app.ActivityThread.-wrap16(ActivityThread.java)
12-19 11:27:44.979  1750  1750 E ActivityThread: 	at android.app.ActivityThread$H.handleMessage(ActivityThread.java:1472)
12-19 11:27:44.979  1750  1750 E ActivityThread: 	at android.os.Handler.dispatchMessage(Handler.java:102)
12-19 11:27:44.979  1750  1750 E ActivityThread: 	at android.os.Looper.loop(Looper.java:154)
12-19 11:27:44.979  1750  1750 E ActivityThread: 	at android.app.ActivityThread.main(ActivityThread.java:6077)
12-19 11:27:44.979  1750  1750 E ActivityThread: 	at java.lang.reflect.Method.invoke(Native Method)
12-19 11:27:44.979  1750  1750 E ActivityThread: 	at com.android.internal.os.ZygoteInit$MethodAndArgsCaller.run(ZygoteInit.java:866)
12-19 11:27:44.979  1750  1750 E ActivityThread: 	at com.android.internal.os.ZygoteInit.main(ZygoteInit.java:756)
12-19 11:27:48.817  1750  1750 E ActivityThread: Performing pause of activity that is not resumed: {com.android.systemui/com.android.systemui.recents.RecentsActivity}
12-19 11:27:48.817  1750  1750 E ActivityThread: java.lang.RuntimeException: Performing pause of activity that is not resumed: {com.android.systemui/com.android.systemui.recents.RecentsActivity}
12-19 11:27:48.817  1750  1750 E ActivityThread: 	at android.app.ActivityThread.performPauseActivity(ActivityThread.java:3674)
12-19 11:27:48.817  1750  1750 E ActivityThread: 	at android.app.ActivityThread.performPauseActivity(ActivityThread.java:3662)
12-19 11:27:48.817  1750  1750 E ActivityThread: 	at android.app.ActivityThread.handlePauseActivity(ActivityThread.java:3636)
12-19 11:27:48.817  1750  1750 E ActivityThread: 	at android.app.ActivityThread.-wrap16(ActivityThread.java)
12-19 11:27:48.817  1750  1750 E ActivityThread: 	at android.app.ActivityThread$H.handleMessage(ActivityThread.java:1472)
12-19 11:27:48.817  1750  1750 E ActivityThread: 	at android.os.Handler.dispatchMessage(Handler.java:102)
12-19 11:27:48.817  1750  1750 E ActivityThread: 	at android.os.Looper.loop(Looper.java:154)
12-19 11:27:48.817  1750  1750 E ActivityThread: 	at android.app.ActivityThread.main(ActivityThread.java:6077)
12-19 11:27:48.817  1750  1750 E ActivityThread: 	at java.lang.reflect.Method.invoke(Native Method)
12-19 11:27:48.817  1750  1750 E ActivityThread: 	at com.android.internal.os.ZygoteInit$MethodAndArgsCaller.run(ZygoteInit.java:866)
12-19 11:27:48.817  1750  1750 E ActivityThread: 	at com.android.internal.os.ZygoteInit.main(ZygoteInit.java:756)
12-19 11:27:48.891  1750  1750 E ActivityThread: Performing pause of activity that is not resumed: {com.android.systemui/com.android.systemui.recents.RecentsActivity}
12-19 11:27:48.891  1750  1750 E ActivityThread: java.lang.RuntimeException: Performing pause of activity that is not resumed: {com.android.systemui/com.android.systemui.recents.RecentsActivity}
12-19 11:27:48.891  1750  1750 E ActivityThread: 	at android.app.ActivityThread.performPauseActivity(ActivityThread.java:3674)
12-19 11:27:48.891  1750  1750 E ActivityThread: 	at android.app.ActivityThread.performPauseActivity(ActivityThread.java:3662)
12-19 11:27:48.891  1750  1750 E ActivityThread: 	at android.app.ActivityThread.handlePauseActivity(ActivityThread.java:3636)
12-19 11:27:48.891  1750  1750 E ActivityThread: 	at android.app.ActivityThread.-wrap16(ActivityThread.java)
12-19 11:27:48.891  1750  1750 E ActivityThread: 	at android.app.ActivityThread$H.handleMessage(ActivityThread.java:1472)
12-19 11:27:48.891  1750  1750 E ActivityThread: 	at android.os.Handler.dispatchMessage(Handler.java:102)
12-19 11:27:48.891  1750  1750 E ActivityThread: 	at android.os.Looper.loop(Looper.java:154)
12-19 11:27:48.891  1750  1750 E ActivityThread: 	at android.app.ActivityThread.main(ActivityThread.java:6077)
12-19 11:27:48.891  1750  1750 E ActivityThread: 	at java.lang.reflect.Method.invoke(Native Method)
12-19 11:27:48.891  1750  1750 E ActivityThread: 	at com.android.internal.os.ZygoteInit$MethodAndArgsCaller.run(ZygoteInit.java:866)
12-19 11:27:48.891  1750  1750 E ActivityThread: 	at com.android.internal.os.ZygoteInit.main(ZygoteInit.java:756)
12-19 11:27:49.114  1750  1750 E ActivityThread: Performing stop of activity that is already stopped: {com.android.systemui/com.android.systemui.recents.RecentsActivity}
12-19 11:27:49.114  1750  1750 E ActivityThread: java.lang.RuntimeException: Performing stop of activity that is already stopped: {com.android.systemui/com.android.systemui.recents.RecentsActivity}
12-19 11:27:49.114  1750  1750 E ActivityThread: 	at android.app.ActivityThread.performStopActivityInner(ActivityThread.java:3798)
12-19 11:27:49.114  1750  1750 E ActivityThread: 	at android.app.ActivityThread.handleStopActivity(ActivityThread.java:3886)
12-19 11:27:49.114  1750  1750 E ActivityThread: 	at android.app.ActivityThread.-wrap25(ActivityThread.java)
12-19 11:27:49.114  1750  1750 E ActivityThread: 	at android.app.ActivityThread$H.handleMessage(ActivityThread.java:1494)
12-19 11:27:49.114  1750  1750 E ActivityThread: 	at android.os.Handler.dispatchMessage(Handler.java:102)
12-19 11:27:49.114  1750  1750 E ActivityThread: 	at android.os.Looper.loop(Looper.java:154)
12-19 11:27:49.114  1750  1750 E ActivityThread: 	at android.app.ActivityThread.main(ActivityThread.java:6077)
12-19 11:27:49.114  1750  1750 E ActivityThread: 	at java.lang.reflect.Method.invoke(Native Method)
12-19 11:27:49.114  1750  1750 E ActivityThread: 	at com.android.internal.os.ZygoteInit$MethodAndArgsCaller.run(ZygoteInit.java:866)
12-19 11:27:49.114  1750  1750 E ActivityThread: 	at com.android.internal.os.ZygoteInit.main(ZygoteInit.java:756)
12-19 11:27:49.114  1750  1750 E ActivityThread: ActivityClientRecord{paused=true, stopped=true, hideForNow=false, startsNotResumed=false, isForward=true, pendingConfigChanges=0, onlyLocalRequest=false, preserveWindow=false, Activity{resumed=false, stopped=true, finished=false, destroyed=false, startedActivity=false, temporaryPause=false, changingConfigurations=false, visibleBehind=false}}
0_2_PreferencesTest#testSwitchThemeBack
--------- beginning of main
--------- beginning of system
12-19 11:28:25.872  1667  2079 E ActivityManager: Sending non-protected broadcast com.example.pkg.END_EMMA from system uid 0 pkg null
12-19 11:28:25.872  1667  2079 E ActivityManager: java.lang.Throwable
12-19 11:28:25.872  1667  2079 E ActivityManager: 	at com.android.server.am.ActivityManagerService.broadcastIntentLocked(ActivityManagerService.java:17785)
12-19 11:28:25.872  1667  2079 E ActivityManager: 	at com.android.server.am.ActivityManagerService.broadcastIntent(ActivityManagerService.java:18346)
12-19 11:28:25.872  1667  2079 E ActivityManager: 	at android.app.ActivityManagerNative.onTransact(ActivityManagerNative.java:499)
12-19 11:28:25.872  1667  2079 E ActivityManager: 	at com.android.server.am.ActivityManagerService.onTransact(ActivityManagerService.java:2757)
12-19 11:28:25.872  1667  2079 E ActivityManager: 	at android.os.Binder.execTransact(Binder.java:565)
0_3_PreferencesTest#testSwitchThemeBack
--------- beginning of main
--------- beginning of system
12-19 11:29:11.294  1667  2076 E ActivityManager: Sending non-protected broadcast com.example.pkg.END_EMMA from system uid 0 pkg null
12-19 11:29:11.294  1667  2076 E ActivityManager: java.lang.Throwable
12-19 11:29:11.294  1667  2076 E ActivityManager: 	at com.android.server.am.ActivityManagerService.broadcastIntentLocked(ActivityManagerService.java:17785)
12-19 11:29:11.294  1667  2076 E ActivityManager: 	at com.android.server.am.ActivityManagerService.broadcastIntent(ActivityManagerService.java:18346)
12-19 11:29:11.294  1667  2076 E ActivityManager: 	at android.app.ActivityManagerNative.onTransact(ActivityManagerNative.java:499)
12-19 11:29:11.294  1667  2076 E ActivityManager: 	at com.android.server.am.ActivityManagerService.onTransact(ActivityManagerService.java:2757)
12-19 11:29:11.294  1667  2076 E ActivityManager: 	at android.os.Binder.execTransact(Binder.java:565)
12-19 11:29:14.930  1750  1750 E ActivityThread: Performing pause of activity that is not resumed: {com.android.systemui/com.android.systemui.recents.RecentsActivity}
12-19 11:29:14.930  1750  1750 E ActivityThread: java.lang.RuntimeException: Performing pause of activity that is not resumed: {com.android.systemui/com.android.systemui.recents.RecentsActivity}
12-19 11:29:14.930  1750  1750 E ActivityThread: 	at android.app.ActivityThread.performPauseActivity(ActivityThread.java:3674)
12-19 11:29:14.930  1750  1750 E ActivityThread: 	at android.app.ActivityThread.performPauseActivity(ActivityThread.java:3662)
12-19 11:29:14.930  1750  1750 E ActivityThread: 	at android.app.ActivityThread.handlePauseActivity(ActivityThread.java:3636)
12-19 11:29:14.930  1750  1750 E ActivityThread: 	at android.app.ActivityThread.-wrap16(ActivityThread.java)
12-19 11:29:14.930  1750  1750 E ActivityThread: 	at android.app.ActivityThread$H.handleMessage(ActivityThread.java:1472)
12-19 11:29:14.930  1750  1750 E ActivityThread: 	at android.os.Handler.dispatchMessage(Handler.java:102)
12-19 11:29:14.930  1750  1750 E ActivityThread: 	at android.os.Looper.loop(Looper.java:154)
12-19 11:29:14.930  1750  1750 E ActivityThread: 	at android.app.ActivityThread.main(ActivityThread.java:6077)
12-19 11:29:14.930  1750  1750 E ActivityThread: 	at java.lang.reflect.Method.invoke(Native Method)
12-19 11:29:14.930  1750  1750 E ActivityThread: 	at com.android.internal.os.ZygoteInit$MethodAndArgsCaller.run(ZygoteInit.java:866)
12-19 11:29:14.930  1750  1750 E ActivityThread: 	at com.android.internal.os.ZygoteInit.main(ZygoteInit.java:756)
12-19 11:29:15.079  1750  1750 E ActivityThread: Performing pause of activity that is not resumed: {com.android.systemui/com.android.systemui.recents.RecentsActivity}
12-19 11:29:15.079  1750  1750 E ActivityThread: java.lang.RuntimeException: Performing pause of activity that is not resumed: {com.android.systemui/com.android.systemui.recents.RecentsActivity}
12-19 11:29:15.079  1750  1750 E ActivityThread: 	at android.app.ActivityThread.performPauseActivity(ActivityThread.java:3674)
12-19 11:29:15.079  1750  1750 E ActivityThread: 	at android.app.ActivityThread.performPauseActivity(ActivityThread.java:3662)
12-19 11:29:15.079  1750  1750 E ActivityThread: 	at android.app.ActivityThread.handlePauseActivity(ActivityThread.java:3636)
12-19 11:29:15.079  1750  1750 E ActivityThread: 	at android.app.ActivityThread.-wrap16(ActivityThread.java)
12-19 11:29:15.079  1750  1750 E ActivityThread: 	at android.app.ActivityThread$H.handleMessage(ActivityThread.java:1472)
12-19 11:29:15.079  1750  1750 E ActivityThread: 	at android.os.Handler.dispatchMessage(Handler.java:102)
12-19 11:29:15.079  1750  1750 E ActivityThread: 	at android.os.Looper.loop(Looper.java:154)
12-19 11:29:15.079  1750  1750 E ActivityThread: 	at android.app.ActivityThread.main(ActivityThread.java:6077)
12-19 11:29:15.079  1750  1750 E ActivityThread: 	at java.lang.reflect.Method.invoke(Native Method)
12-19 11:29:15.079  1750  1750 E ActivityThread: 	at com.android.internal.os.ZygoteInit$MethodAndArgsCaller.run(ZygoteInit.java:866)
12-19 11:29:15.079  1750  1750 E ActivityThread: 	at com.android.internal.os.ZygoteInit.main(ZygoteInit.java:756)
12-19 11:29:15.230  1750  1750 E ActivityThread: Performing pause of activity that is not resumed: {com.android.systemui/com.android.systemui.recents.RecentsActivity}
12-19 11:29:15.230  1750  1750 E ActivityThread: java.lang.RuntimeException: Performing pause of activity that is not resumed: {com.android.systemui/com.android.systemui.recents.RecentsActivity}
12-19 11:29:15.230  1750  1750 E ActivityThread: 	at android.app.ActivityThread.performPauseActivity(ActivityThread.java:3674)
12-19 11:29:15.230  1750  1750 E ActivityThread: 	at android.app.ActivityThread.performPauseActivity(ActivityThread.java:3662)
12-19 11:29:15.230  1750  1750 E ActivityThread: 	at android.app.ActivityThread.handlePauseActivity(ActivityThread.java:3636)
12-19 11:29:15.230  1750  1750 E ActivityThread: 	at android.app.ActivityThread.-wrap16(ActivityThread.java)
12-19 11:29:15.230  1750  1750 E ActivityThread: 	at android.app.ActivityThread$H.handleMessage(ActivityThread.java:1472)
12-19 11:29:15.230  1750  1750 E ActivityThread: 	at android.os.Handler.dispatchMessage(Handler.java:102)
12-19 11:29:15.230  1750  1750 E ActivityThread: 	at android.os.Looper.loop(Looper.java:154)
12-19 11:29:15.230  1750  1750 E ActivityThread: 	at android.app.ActivityThread.main(ActivityThread.java:6077)
12-19 11:29:15.230  1750  1750 E ActivityThread: 	at java.lang.reflect.Method.invoke(Native Method)
12-19 11:29:15.230  1750  1750 E ActivityThread: 	at com.android.internal.os.ZygoteInit$MethodAndArgsCaller.run(ZygoteInit.java:866)
12-19 11:29:15.230  1750  1750 E ActivityThread: 	at com.android.internal.os.ZygoteInit.main(ZygoteInit.java:756)
12-19 11:29:15.380  1750  1750 E ActivityThread: Performing pause of activity that is not resumed: {com.android.systemui/com.android.systemui.recents.RecentsActivity}
12-19 11:29:15.380  1750  1750 E ActivityThread: java.lang.RuntimeException: Performing pause of activity that is not resumed: {com.android.systemui/com.android.systemui.recents.RecentsActivity}
12-19 11:29:15.380  1750  1750 E ActivityThread: 	at android.app.ActivityThread.performPauseActivity(ActivityThread.java:3674)
12-19 11:29:15.380  1750  1750 E ActivityThread: 	at android.app.ActivityThread.performPauseActivity(ActivityThread.java:3662)
12-19 11:29:15.380  1750  1750 E ActivityThread: 	at android.app.ActivityThread.handlePauseActivity(ActivityThread.java:3636)
12-19 11:29:15.380  1750  1750 E ActivityThread: 	at android.app.ActivityThread.-wrap16(ActivityThread.java)
12-19 11:29:15.380  1750  1750 E ActivityThread: 	at android.app.ActivityThread$H.handleMessage(ActivityThread.java:1472)
12-19 11:29:15.380  1750  1750 E ActivityThread: 	at android.os.Handler.dispatchMessage(Handler.java:102)
12-19 11:29:15.380  1750  1750 E ActivityThread: 	at android.os.Looper.loop(Looper.java:154)
12-19 11:29:15.380  1750  1750 E ActivityThread: 	at android.app.ActivityThread.main(ActivityThread.java:6077)
12-19 11:29:15.380  1750  1750 E ActivityThread: 	at java.lang.reflect.Method.invoke(Native Method)
12-19 11:29:15.380  1750  1750 E ActivityThread: 	at com.android.internal.os.ZygoteInit$MethodAndArgsCaller.run(ZygoteInit.java:866)
12-19 11:29:15.380  1750  1750 E ActivityThread: 	at com.android.internal.os.ZygoteInit.main(ZygoteInit.java:756)
12-19 11:29:15.555  1750  1750 E ActivityThread: Performing pause of activity that is not resumed: {com.android.systemui/com.android.systemui.recents.RecentsActivity}
12-19 11:29:15.555  1750  1750 E ActivityThread: java.lang.RuntimeException: Performing pause of activity that is not resumed: {com.android.systemui/com.android.systemui.recents.RecentsActivity}
12-19 11:29:15.555  1750  1750 E ActivityThread: 	at android.app.ActivityThread.performPauseActivity(ActivityThread.java:3674)
12-19 11:29:15.555  1750  1750 E ActivityThread: 	at android.app.ActivityThread.performPauseActivity(ActivityThread.java:3662)
12-19 11:29:15.555  1750  1750 E ActivityThread: 	at android.app.ActivityThread.handlePauseActivity(ActivityThread.java:3636)
12-19 11:29:15.555  1750  1750 E ActivityThread: 	at android.app.ActivityThread.-wrap16(ActivityThread.java)
12-19 11:29:15.555  1750  1750 E ActivityThread: 	at android.app.ActivityThread$H.handleMessage(ActivityThread.java:1472)
12-19 11:29:15.555  1750  1750 E ActivityThread: 	at android.os.Handler.dispatchMessage(Handler.java:102)
12-19 11:29:15.555  1750  1750 E ActivityThread: 	at android.os.Looper.loop(Looper.java:154)
12-19 11:29:15.555  1750  1750 E ActivityThread: 	at android.app.ActivityThread.main(ActivityThread.java:6077)
12-19 11:29:15.555  1750  1750 E ActivityThread: 	at java.lang.reflect.Method.invoke(Native Method)
12-19 11:29:15.555  1750  1750 E ActivityThread: 	at com.android.internal.os.ZygoteInit$MethodAndArgsCaller.run(ZygoteInit.java:866)
12-19 11:29:15.555  1750  1750 E ActivityThread: 	at com.android.internal.os.ZygoteInit.main(ZygoteInit.java:756)
12-19 11:29:19.364  1750  1750 E ActivityThread: Performing pause of activity that is not resumed: {com.android.systemui/com.android.systemui.recents.RecentsActivity}
12-19 11:29:19.364  1750  1750 E ActivityThread: java.lang.RuntimeException: Performing pause of activity that is not resumed: {com.android.systemui/com.android.systemui.recents.RecentsActivity}
12-19 11:29:19.364  1750  1750 E ActivityThread: 	at android.app.ActivityThread.performPauseActivity(ActivityThread.java:3674)
12-19 11:29:19.364  1750  1750 E ActivityThread: 	at android.app.ActivityThread.performPauseActivity(ActivityThread.java:3662)
12-19 11:29:19.364  1750  1750 E ActivityThread: 	at android.app.ActivityThread.handlePauseActivity(ActivityThread.java:3636)
12-19 11:29:19.364  1750  1750 E ActivityThread: 	at android.app.ActivityThread.-wrap16(ActivityThread.java)
12-19 11:29:19.364  1750  1750 E ActivityThread: 	at android.app.ActivityThread$H.handleMessage(ActivityThread.java:1472)
12-19 11:29:19.364  1750  1750 E ActivityThread: 	at android.os.Handler.dispatchMessage(Handler.java:102)
12-19 11:29:19.364  1750  1750 E ActivityThread: 	at android.os.Looper.loop(Looper.java:154)
12-19 11:29:19.364  1750  1750 E ActivityThread: 	at android.app.ActivityThread.main(ActivityThread.java:6077)
12-19 11:29:19.364  1750  1750 E ActivityThread: 	at java.lang.reflect.Method.invoke(Native Method)
12-19 11:29:19.364  1750  1750 E ActivityThread: 	at com.android.internal.os.ZygoteInit$MethodAndArgsCaller.run(ZygoteInit.java:866)
12-19 11:29:19.364  1750  1750 E ActivityThread: 	at com.android.internal.os.ZygoteInit.main(ZygoteInit.java:756)
12-19 11:29:19.442  1750  1750 E ActivityThread: Performing pause of activity that is not resumed: {com.android.systemui/com.android.systemui.recents.RecentsActivity}
12-19 11:29:19.442  1750  1750 E ActivityThread: java.lang.RuntimeException: Performing pause of activity that is not resumed: {com.android.systemui/com.android.systemui.recents.RecentsActivity}
12-19 11:29:19.442  1750  1750 E ActivityThread: 	at android.app.ActivityThread.performPauseActivity(ActivityThread.java:3674)
12-19 11:29:19.442  1750  1750 E ActivityThread: 	at android.app.ActivityThread.performPauseActivity(ActivityThread.java:3662)
12-19 11:29:19.442  1750  1750 E ActivityThread: 	at android.app.ActivityThread.handlePauseActivity(ActivityThread.java:3636)
12-19 11:29:19.442  1750  1750 E ActivityThread: 	at android.app.ActivityThread.-wrap16(ActivityThread.java)
12-19 11:29:19.442  1750  1750 E ActivityThread: 	at android.app.ActivityThread$H.handleMessage(ActivityThread.java:1472)
12-19 11:29:19.442  1750  1750 E ActivityThread: 	at android.os.Handler.dispatchMessage(Handler.java:102)
12-19 11:29:19.442  1750  1750 E ActivityThread: 	at android.os.Looper.loop(Looper.java:154)
12-19 11:29:19.442  1750  1750 E ActivityThread: 	at android.app.ActivityThread.main(ActivityThread.java:6077)
12-19 11:29:19.442  1750  1750 E ActivityThread: 	at java.lang.reflect.Method.invoke(Native Method)
12-19 11:29:19.442  1750  1750 E ActivityThread: 	at com.android.internal.os.ZygoteInit$MethodAndArgsCaller.run(ZygoteInit.java:866)
12-19 11:29:19.442  1750  1750 E ActivityThread: 	at com.android.internal.os.ZygoteInit.main(ZygoteInit.java:756)
12-19 11:29:19.703  1750  1750 E ActivityThread: Performing stop of activity that is already stopped: {com.android.systemui/com.android.systemui.recents.RecentsActivity}
12-19 11:29:19.703  1750  1750 E ActivityThread: java.lang.RuntimeException: Performing stop of activity that is already stopped: {com.android.systemui/com.android.systemui.recents.RecentsActivity}
12-19 11:29:19.703  1750  1750 E ActivityThread: 	at android.app.ActivityThread.performStopActivityInner(ActivityThread.java:3798)
12-19 11:29:19.703  1750  1750 E ActivityThread: 	at android.app.ActivityThread.handleStopActivity(ActivityThread.java:3886)
12-19 11:29:19.703  1750  1750 E ActivityThread: 	at android.app.ActivityThread.-wrap25(ActivityThread.java)
12-19 11:29:19.703  1750  1750 E ActivityThread: 	at android.app.ActivityThread$H.handleMessage(ActivityThread.java:1494)
12-19 11:29:19.703  1750  1750 E ActivityThread: 	at android.os.Handler.dispatchMessage(Handler.java:102)
12-19 11:29:19.703  1750  1750 E ActivityThread: 	at android.os.Looper.loop(Looper.java:154)
12-19 11:29:19.703  1750  1750 E ActivityThread: 	at android.app.ActivityThread.main(ActivityThread.java:6077)
12-19 11:29:19.703  1750  1750 E ActivityThread: 	at java.lang.reflect.Method.invoke(Native Method)
12-19 11:29:19.703  1750  1750 E ActivityThread: 	at com.android.internal.os.ZygoteInit$MethodAndArgsCaller.run(ZygoteInit.java:866)
12-19 11:29:19.703  1750  1750 E ActivityThread: 	at com.android.internal.os.ZygoteInit.main(ZygoteInit.java:756)
12-19 11:29:19.703  1750  1750 E ActivityThread: ActivityClientRecord{paused=true, stopped=true, hideForNow=false, startsNotResumed=false, isForward=true, pendingConfigChanges=0, onlyLocalRequest=false, preserveWindow=false, Activity{resumed=false, stopped=true, finished=false, destroyed=false, startedActivity=false, temporaryPause=false, changingConfigurations=false, visibleBehind=false}}
0_4_PreferencesTest#testSwitchThemeBack
--------- beginning of main
--------- beginning of system
12-19 11:29:44.128  1667  2079 E ActivityManager: Sending non-protected broadcast com.example.pkg.END_EMMA from system uid 0 pkg null
12-19 11:29:44.128  1667  2079 E ActivityManager: java.lang.Throwable
12-19 11:29:44.128  1667  2079 E ActivityManager: 	at com.android.server.am.ActivityManagerService.broadcastIntentLocked(ActivityManagerService.java:17785)
12-19 11:29:44.128  1667  2079 E ActivityManager: 	at com.android.server.am.ActivityManagerService.broadcastIntent(ActivityManagerService.java:18346)
12-19 11:29:44.128  1667  2079 E ActivityManager: 	at android.app.ActivityManagerNative.onTransact(ActivityManagerNative.java:499)
12-19 11:29:44.128  1667  2079 E ActivityManager: 	at com.android.server.am.ActivityManagerService.onTransact(ActivityManagerService.java:2757)
12-19 11:29:44.128  1667  2079 E ActivityManager: 	at android.os.Binder.execTransact(Binder.java:565)
12-19 11:29:52.150  1750  1750 E ActivityThread: Performing pause of activity that is not resumed: {com.android.systemui/com.android.systemui.recents.RecentsActivity}
12-19 11:29:52.150  1750  1750 E ActivityThread: java.lang.RuntimeException: Performing pause of activity that is not resumed: {com.android.systemui/com.android.systemui.recents.RecentsActivity}
12-19 11:29:52.150  1750  1750 E ActivityThread: 	at android.app.ActivityThread.performPauseActivity(ActivityThread.java:3674)
12-19 11:29:52.150  1750  1750 E ActivityThread: 	at android.app.ActivityThread.performPauseActivity(ActivityThread.java:3662)
12-19 11:29:52.150  1750  1750 E ActivityThread: 	at android.app.ActivityThread.handlePauseActivity(ActivityThread.java:3636)
12-19 11:29:52.150  1750  1750 E ActivityThread: 	at android.app.ActivityThread.-wrap16(ActivityThread.java)
12-19 11:29:52.150  1750  1750 E ActivityThread: 	at android.app.ActivityThread$H.handleMessage(ActivityThread.java:1472)
12-19 11:29:52.150  1750  1750 E ActivityThread: 	at android.os.Handler.dispatchMessage(Handler.java:102)
12-19 11:29:52.150  1750  1750 E ActivityThread: 	at android.os.Looper.loop(Looper.java:154)
12-19 11:29:52.150  1750  1750 E ActivityThread: 	at android.app.ActivityThread.main(ActivityThread.java:6077)
12-19 11:29:52.150  1750  1750 E ActivityThread: 	at java.lang.reflect.Method.invoke(Native Method)
12-19 11:29:52.150  1750  1750 E ActivityThread: 	at com.android.internal.os.ZygoteInit$MethodAndArgsCaller.run(ZygoteInit.java:866)
12-19 11:29:52.150  1750  1750 E ActivityThread: 	at com.android.internal.os.ZygoteInit.main(ZygoteInit.java:756)
12-19 11:29:52.232  1750  1750 E ActivityThread: Performing pause of activity that is not resumed: {com.android.systemui/com.android.systemui.recents.RecentsActivity}
12-19 11:29:52.232  1750  1750 E ActivityThread: java.lang.RuntimeException: Performing pause of activity that is not resumed: {com.android.systemui/com.android.systemui.recents.RecentsActivity}
12-19 11:29:52.232  1750  1750 E ActivityThread: 	at android.app.ActivityThread.performPauseActivity(ActivityThread.java:3674)
12-19 11:29:52.232  1750  1750 E ActivityThread: 	at android.app.ActivityThread.performPauseActivity(ActivityThread.java:3662)
12-19 11:29:52.232  1750  1750 E ActivityThread: 	at android.app.ActivityThread.handlePauseActivity(ActivityThread.java:3636)
12-19 11:29:52.232  1750  1750 E ActivityThread: 	at android.app.ActivityThread.-wrap16(ActivityThread.java)
12-19 11:29:52.232  1750  1750 E ActivityThread: 	at android.app.ActivityThread$H.handleMessage(ActivityThread.java:1472)
12-19 11:29:52.232  1750  1750 E ActivityThread: 	at android.os.Handler.dispatchMessage(Handler.java:102)
12-19 11:29:52.232  1750  1750 E ActivityThread: 	at android.os.Looper.loop(Looper.java:154)
12-19 11:29:52.232  1750  1750 E ActivityThread: 	at android.app.ActivityThread.main(ActivityThread.java:6077)
12-19 11:29:52.232  1750  1750 E ActivityThread: 	at java.lang.reflect.Method.invoke(Native Method)
12-19 11:29:52.232  1750  1750 E ActivityThread: 	at com.android.internal.os.ZygoteInit$MethodAndArgsCaller.run(ZygoteInit.java:866)
12-19 11:29:52.232  1750  1750 E ActivityThread: 	at com.android.internal.os.ZygoteInit.main(ZygoteInit.java:756)
12-19 11:29:52.469  1750  1750 E ActivityThread: Performing stop of activity that is already stopped: {com.android.systemui/com.android.systemui.recents.RecentsActivity}
12-19 11:29:52.469  1750  1750 E ActivityThread: java.lang.RuntimeException: Performing stop of activity that is already stopped: {com.android.systemui/com.android.systemui.recents.RecentsActivity}
12-19 11:29:52.469  1750  1750 E ActivityThread: 	at android.app.ActivityThread.performStopActivityInner(ActivityThread.java:3798)
12-19 11:29:52.469  1750  1750 E ActivityThread: 	at android.app.ActivityThread.handleStopActivity(ActivityThread.java:3886)
12-19 11:29:52.469  1750  1750 E ActivityThread: 	at android.app.ActivityThread.-wrap25(ActivityThread.java)
12-19 11:29:52.469  1750  1750 E ActivityThread: 	at android.app.ActivityThread$H.handleMessage(ActivityThread.java:1494)
12-19 11:29:52.469  1750  1750 E ActivityThread: 	at android.os.Handler.dispatchMessage(Handler.java:102)
12-19 11:29:52.469  1750  1750 E ActivityThread: 	at android.os.Looper.loop(Looper.java:154)
12-19 11:29:52.469  1750  1750 E ActivityThread: 	at android.app.ActivityThread.main(ActivityThread.java:6077)
12-19 11:29:52.469  1750  1750 E ActivityThread: 	at java.lang.reflect.Method.invoke(Native Method)
12-19 11:29:52.469  1750  1750 E ActivityThread: 	at com.android.internal.os.ZygoteInit$MethodAndArgsCaller.run(ZygoteInit.java:866)
12-19 11:29:52.469  1750  1750 E ActivityThread: 	at com.android.internal.os.ZygoteInit.main(ZygoteInit.java:756)
12-19 11:29:52.469  1750  1750 E ActivityThread: ActivityClientRecord{paused=true, stopped=true, hideForNow=false, startsNotResumed=false, isForward=true, pendingConfigChanges=0, onlyLocalRequest=false, preserveWindow=false, Activity{resumed=false, stopped=true, finished=false, destroyed=false, startedActivity=false, temporaryPause=false, changingConfigurations=false, visibleBehind=false}}
0_5_VideoplayerActivityTest#testStartActivity
--------- beginning of main
--------- beginning of system
12-19 11:30:26.414  1667  2076 E ActivityManager: Sending non-protected broadcast com.example.pkg.END_EMMA from system uid 0 pkg null
12-19 11:30:26.414  1667  2076 E ActivityManager: java.lang.Throwable
12-19 11:30:26.414  1667  2076 E ActivityManager: 	at com.android.server.am.ActivityManagerService.broadcastIntentLocked(ActivityManagerService.java:17785)
12-19 11:30:26.414  1667  2076 E ActivityManager: 	at com.android.server.am.ActivityManagerService.broadcastIntent(ActivityManagerService.java:18346)
12-19 11:30:26.414  1667  2076 E ActivityManager: 	at android.app.ActivityManagerNative.onTransact(ActivityManagerNative.java:499)
12-19 11:30:26.414  1667  2076 E ActivityManager: 	at com.android.server.am.ActivityManagerService.onTransact(ActivityManagerService.java:2757)
12-19 11:30:26.414  1667  2076 E ActivityManager: 	at android.os.Binder.execTransact(Binder.java:565)
12-19 11:30:30.827  1750  1750 E ActivityThread: Performing pause of activity that is not resumed: {com.android.systemui/com.android.systemui.recents.RecentsActivity}
12-19 11:30:30.827  1750  1750 E ActivityThread: java.lang.RuntimeException: Performing pause of activity that is not resumed: {com.android.systemui/com.android.systemui.recents.RecentsActivity}
12-19 11:30:30.827  1750  1750 E ActivityThread: 	at android.app.ActivityThread.performPauseActivity(ActivityThread.java:3674)
12-19 11:30:30.827  1750  1750 E ActivityThread: 	at android.app.ActivityThread.performPauseActivity(ActivityThread.java:3662)
12-19 11:30:30.827  1750  1750 E ActivityThread: 	at android.app.ActivityThread.handlePauseActivity(ActivityThread.java:3636)
12-19 11:30:30.827  1750  1750 E ActivityThread: 	at android.app.ActivityThread.-wrap16(ActivityThread.java)
12-19 11:30:30.827  1750  1750 E ActivityThread: 	at android.app.ActivityThread$H.handleMessage(ActivityThread.java:1472)
12-19 11:30:30.827  1750  1750 E ActivityThread: 	at android.os.Handler.dispatchMessage(Handler.java:102)
12-19 11:30:30.827  1750  1750 E ActivityThread: 	at android.os.Looper.loop(Looper.java:154)
12-19 11:30:30.827  1750  1750 E ActivityThread: 	at android.app.ActivityThread.main(ActivityThread.java:6077)
12-19 11:30:30.827  1750  1750 E ActivityThread: 	at java.lang.reflect.Method.invoke(Native Method)
12-19 11:30:30.827  1750  1750 E ActivityThread: 	at com.android.internal.os.ZygoteInit$MethodAndArgsCaller.run(ZygoteInit.java:866)
12-19 11:30:30.827  1750  1750 E ActivityThread: 	at com.android.internal.os.ZygoteInit.main(ZygoteInit.java:756)
12-19 11:30:34.620  1750  1750 E ActivityThread: Performing pause of activity that is not resumed: {com.android.systemui/com.android.systemui.recents.RecentsActivity}
12-19 11:30:34.620  1750  1750 E ActivityThread: java.lang.RuntimeException: Performing pause of activity that is not resumed: {com.android.systemui/com.android.systemui.recents.RecentsActivity}
12-19 11:30:34.620  1750  1750 E ActivityThread: 	at android.app.ActivityThread.performPauseActivity(ActivityThread.java:3674)
12-19 11:30:34.620  1750  1750 E ActivityThread: 	at android.app.ActivityThread.performPauseActivity(ActivityThread.java:3662)
12-19 11:30:34.620  1750  1750 E ActivityThread: 	at android.app.ActivityThread.handlePauseActivity(ActivityThread.java:3636)
12-19 11:30:34.620  1750  1750 E ActivityThread: 	at android.app.ActivityThread.-wrap16(ActivityThread.java)
12-19 11:30:34.620  1750  1750 E ActivityThread: 	at android.app.ActivityThread$H.handleMessage(ActivityThread.java:1472)
12-19 11:30:34.620  1750  1750 E ActivityThread: 	at android.os.Handler.dispatchMessage(Handler.java:102)
12-19 11:30:34.620  1750  1750 E ActivityThread: 	at android.os.Looper.loop(Looper.java:154)
12-19 11:30:34.620  1750  1750 E ActivityThread: 	at android.app.ActivityThread.main(ActivityThread.java:6077)
12-19 11:30:34.620  1750  1750 E ActivityThread: 	at java.lang.reflect.Method.invoke(Native Method)
12-19 11:30:34.620  1750  1750 E ActivityThread: 	at com.android.internal.os.ZygoteInit$MethodAndArgsCaller.run(ZygoteInit.java:866)
12-19 11:30:34.620  1750  1750 E ActivityThread: 	at com.android.internal.os.ZygoteInit.main(ZygoteInit.java:756)
12-19 11:30:34.699  1750  1750 E ActivityThread: Performing pause of activity that is not resumed: {com.android.systemui/com.android.systemui.recents.RecentsActivity}
12-19 11:30:34.699  1750  1750 E ActivityThread: java.lang.RuntimeException: Performing pause of activity that is not resumed: {com.android.systemui/com.android.systemui.recents.RecentsActivity}
12-19 11:30:34.699  1750  1750 E ActivityThread: 	at android.app.ActivityThread.performPauseActivity(ActivityThread.java:3674)
12-19 11:30:34.699  1750  1750 E ActivityThread: 	at android.app.ActivityThread.performPauseActivity(ActivityThread.java:3662)
12-19 11:30:34.699  1750  1750 E ActivityThread: 	at android.app.ActivityThread.handlePauseActivity(ActivityThread.java:3636)
12-19 11:30:34.699  1750  1750 E ActivityThread: 	at android.app.ActivityThread.-wrap16(ActivityThread.java)
12-19 11:30:34.699  1750  1750 E ActivityThread: 	at android.app.ActivityThread$H.handleMessage(ActivityThread.java:1472)
12-19 11:30:34.699  1750  1750 E ActivityThread: 	at android.os.Handler.dispatchMessage(Handler.java:102)
12-19 11:30:34.699  1750  1750 E ActivityThread: 	at android.os.Looper.loop(Looper.java:154)
12-19 11:30:34.699  1750  1750 E ActivityThread: 	at android.app.ActivityThread.main(ActivityThread.java:6077)
12-19 11:30:34.699  1750  1750 E ActivityThread: 	at java.lang.reflect.Method.invoke(Native Method)
12-19 11:30:34.699  1750  1750 E ActivityThread: 	at com.android.internal.os.ZygoteInit$MethodAndArgsCaller.run(ZygoteInit.java:866)
12-19 11:30:34.699  1750  1750 E ActivityThread: 	at com.android.internal.os.ZygoteInit.main(ZygoteInit.java:756)
12-19 11:30:44.751  1750  1750 E ActivityThread: Performing stop of activity that is already stopped: {com.android.systemui/com.android.systemui.recents.RecentsActivity}
12-19 11:30:44.751  1750  1750 E ActivityThread: java.lang.RuntimeException: Performing stop of activity that is already stopped: {com.android.systemui/com.android.systemui.recents.RecentsActivity}
12-19 11:30:44.751  1750  1750 E ActivityThread: 	at android.app.ActivityThread.performStopActivityInner(ActivityThread.java:3798)
12-19 11:30:44.751  1750  1750 E ActivityThread: 	at android.app.ActivityThread.handleStopActivity(ActivityThread.java:3886)
12-19 11:30:44.751  1750  1750 E ActivityThread: 	at android.app.ActivityThread.-wrap25(ActivityThread.java)
12-19 11:30:44.751  1750  1750 E ActivityThread: 	at android.app.ActivityThread$H.handleMessage(ActivityThread.java:1494)
12-19 11:30:44.751  1750  1750 E ActivityThread: 	at android.os.Handler.dispatchMessage(Handler.java:102)
12-19 11:30:44.751  1750  1750 E ActivityThread: 	at android.os.Looper.loop(Looper.java:154)
12-19 11:30:44.751  1750  1750 E ActivityThread: 	at android.app.ActivityThread.main(ActivityThread.java:6077)
12-19 11:30:44.751  1750  1750 E ActivityThread: 	at java.lang.reflect.Method.invoke(Native Method)
12-19 11:30:44.751  1750  1750 E ActivityThread: 	at com.android.internal.os.ZygoteInit$MethodAndArgsCaller.run(ZygoteInit.java:866)
12-19 11:30:44.751  1750  1750 E ActivityThread: 	at com.android.internal.os.ZygoteInit.main(ZygoteInit.java:756)
12-19 11:30:44.751  1750  1750 E ActivityThread: ActivityClientRecord{paused=true, stopped=true, hideForNow=false, startsNotResumed=false, isForward=true, pendingConfigChanges=0, onlyLocalRequest=false, preserveWindow=false, Activity{resumed=false, stopped=true, finished=false, destroyed=false, startedActivity=false, temporaryPause=false, changingConfigurations=false, visibleBehind=false}}
0_6_PlaybackTest#testContinuousPlaybackOnMultipleEpisodes
--------- beginning of main
--------- beginning of system
12-19 11:32:18.764  1667  1730 E ActivityManager: Sending non-protected broadcast com.example.pkg.END_EMMA from system uid 0 pkg null
12-19 11:32:18.764  1667  1730 E ActivityManager: java.lang.Throwable
12-19 11:32:18.764  1667  1730 E ActivityManager: 	at com.android.server.am.ActivityManagerService.broadcastIntentLocked(ActivityManagerService.java:17785)
12-19 11:32:18.764  1667  1730 E ActivityManager: 	at com.android.server.am.ActivityManagerService.broadcastIntent(ActivityManagerService.java:18346)
12-19 11:32:18.764  1667  1730 E ActivityManager: 	at android.app.ActivityManagerNative.onTransact(ActivityManagerNative.java:499)
12-19 11:32:18.764  1667  1730 E ActivityManager: 	at com.android.server.am.ActivityManagerService.onTransact(ActivityManagerService.java:2757)
12-19 11:32:18.764  1667  1730 E ActivityManager: 	at android.os.Binder.execTransact(Binder.java:565)
0_7_PlaybackTest#testContinousPlaybackOffMultipleEpisodes
--------- beginning of main
--------- beginning of system
12-19 11:33:36.601  1667  2079 E ActivityManager: Sending non-protected broadcast com.example.pkg.END_EMMA from system uid 0 pkg null
12-19 11:33:36.601  1667  2079 E ActivityManager: java.lang.Throwable
12-19 11:33:36.601  1667  2079 E ActivityManager: 	at com.android.server.am.ActivityManagerService.broadcastIntentLocked(ActivityManagerService.java:17785)
12-19 11:33:36.601  1667  2079 E ActivityManager: 	at com.android.server.am.ActivityManagerService.broadcastIntent(ActivityManagerService.java:18346)
12-19 11:33:36.601  1667  2079 E ActivityManager: 	at android.app.ActivityManagerNative.onTransact(ActivityManagerNative.java:499)
12-19 11:33:36.601  1667  2079 E ActivityManager: 	at com.android.server.am.ActivityManagerService.onTransact(ActivityManagerService.java:2757)
12-19 11:33:36.601  1667  2079 E ActivityManager: 	at android.os.Binder.execTransact(Binder.java:565)
0_8_VideoplayerActivityTest#testStartActivity
--------- beginning of main
--------- beginning of system
12-19 11:34:49.801  1667  2077 E ActivityManager: Sending non-protected broadcast com.example.pkg.END_EMMA from system uid 0 pkg null
12-19 11:34:49.801  1667  2077 E ActivityManager: java.lang.Throwable
12-19 11:34:49.801  1667  2077 E ActivityManager: 	at com.android.server.am.ActivityManagerService.broadcastIntentLocked(ActivityManagerService.java:17785)
12-19 11:34:49.801  1667  2077 E ActivityManager: 	at com.android.server.am.ActivityManagerService.broadcastIntent(ActivityManagerService.java:18346)
12-19 11:34:49.801  1667  2077 E ActivityManager: 	at android.app.ActivityManagerNative.onTransact(ActivityManagerNative.java:499)
12-19 11:34:49.801  1667  2077 E ActivityManager: 	at com.android.server.am.ActivityManagerService.onTransact(ActivityManagerService.java:2757)
12-19 11:34:49.801  1667  2077 E ActivityManager: 	at android.os.Binder.execTransact(Binder.java:565)
12-19 11:35:43.319  1667  1688 E WindowManager: Performed 6 layouts in a row. Skipping
0_9_PlaybackSonicTest#testContinuousPlaybackOnMultipleEpisodes
--------- beginning of main
--------- beginning of system
12-19 11:36:38.536  1667  1730 E ActivityManager: Sending non-protected broadcast com.example.pkg.END_EMMA from system uid 0 pkg null
12-19 11:36:38.536  1667  1730 E ActivityManager: java.lang.Throwable
12-19 11:36:38.536  1667  1730 E ActivityManager: 	at com.android.server.am.ActivityManagerService.broadcastIntentLocked(ActivityManagerService.java:17785)
12-19 11:36:38.536  1667  1730 E ActivityManager: 	at com.android.server.am.ActivityManagerService.broadcastIntent(ActivityManagerService.java:18346)
